
Current directory: /dfs9/dmobley-lab/hbaumann/ib_failures/
Using existing working directory: results_3/jacs_set/ptp1b/complex_23480_20670/
Loading transformation from: outputs/jacs_set/ptp1b/complex_23480_20670.json
When simulation is complete, results will be written to: results_3/jacs_set/ptp1b/complex_23480_20670.json

If this simulation is interrupted or fails, you may attempt to resume execution using:
openfe quickrun outputs/jacs_set/ptp1b/complex_23480_20670.json -o results_3/jacs_set/ptp1b/complex_23480_20670.json -d results_3/jacs_set/ptp1b/complex_23480_20670 --resume

openfe quickrun was run with --resume, but no cached results found at results_3/jacs_set/ptp1b/complex_23480_20670/quickrun_cache/dag-cache-73a7c37450158255c73a474eb8865d7d.json. Starting new execution.
Planning simulations for this edge...

Starting the simulations for this edge...

An online_analysis_interval that is not a multiple of the checkpoint_interval can lead to redundant information in the real time yaml file after recovering from checkpoints.
Please cite the following:

        Friedrichs MS, Eastman P, Vaidyanathan V, Houston M, LeGrand S, Beberg AL, Ensign DL, Bruns CM, and Pande VS. Accelerating molecular dynamic simulations on graphics processing unit. J. Comput. Chem. 30:864, 2009. DOI: 10.1002/jcc.21209
        Eastman P and Pande VS. OpenMM: A hardware-independent framework for molecular simulations. Comput. Sci. Eng. 12:34, 2010. DOI: 10.1109/MCSE.2010.27
        Eastman P and Pande VS. Efficient nonbonded interactions for molecular dynamics on a graphics processing unit. J. Comput. Chem. 31:1268, 2010. DOI: 10.1002/jcc.21413
        Eastman P and Pande VS. Constant constraint matrix approximation: A robust, parallelizable constraint method for molecular simulations. J. Chem. Theor. Comput. 6:434, 2010. DOI: 10.1021/ct900463w
        Chodera JD and Shirts MR. Replica exchange and expanded ensemble simulations as Gibbs multistate: Simple improvements for enhanced mixing. J. Chem. Phys., 135:194110, 2011. DOI:10.1063/1.3660669
        
Potential energy is NaN after 0 attempts of integration with move LangevinDynamicsMove Attempting a restart...
Potential energy is NaN after 1 attempts of integration with move LangevinDynamicsMove Attempting a restart...
Potential energy is NaN after 2 attempts of integration with move LangevinDynamicsMove Attempting a restart...
Potential energy is NaN after 3 attempts of integration with move LangevinDynamicsMove Attempting a restart...
Potential energy is NaN after 4 attempts of integration with move LangevinDynamicsMove Attempting a restart...
Potential energy is NaN after 5 attempts of integration with move LangevinDynamicsMove Attempting a restart...
Potential energy is NaN after 6 attempts of integration with move LangevinDynamicsMove Attempting a restart...
Potential energy is NaN after 7 attempts of integration with move LangevinDynamicsMove Attempting a restart...
Potential energy is NaN after 8 attempts of integration with move LangevinDynamicsMove Attempting a restart...
Potential energy is NaN after 9 attempts of integration with move LangevinDynamicsMove Attempting a restart...
Potential energy is NaN after 10 attempts of integration with move LangevinDynamicsMove Attempting a restart...
Potential energy is NaN after 11 attempts of integration with move LangevinDynamicsMove Attempting a restart...
Potential energy is NaN after 12 attempts of integration with move LangevinDynamicsMove Attempting a restart...
Potential energy is NaN after 13 attempts of integration with move LangevinDynamicsMove Attempting a restart...
Potential energy is NaN after 14 attempts of integration with move LangevinDynamicsMove Attempting a restart...
Potential energy is NaN after 15 attempts of integration with move LangevinDynamicsMove Attempting a restart...
Potential energy is NaN after 16 attempts of integration with move LangevinDynamicsMove Attempting a restart...
Potential energy is NaN after 17 attempts of integration with move LangevinDynamicsMove Attempting a restart...
Potential energy is NaN after 18 attempts of integration with move LangevinDynamicsMove Attempting a restart...
Potential energy is NaN after 19 attempts of integration with move LangevinDynamicsMove Trying to reinitialize Context as a last-resort restart attempt...
Potential energy is NaN after 20 attempts of integration with move LangevinDynamicsMove
Propagating replica 0 at state 0 resulted in a NaN!
The state of the system and integrator before the error were saved in results_3/jacs_set/ptp1b/complex_23480_20670/shared_HybridTopologyMultiStateSimulationUnit-11f005c002b4438aae1ae4c123007482_attempt_0/nan-error-logs
An online_analysis_interval that is not a multiple of the checkpoint_interval can lead to redundant information in the real time yaml file after recovering from checkpoints.
Please cite the following:

        Friedrichs MS, Eastman P, Vaidyanathan V, Houston M, LeGrand S, Beberg AL, Ensign DL, Bruns CM, and Pande VS. Accelerating molecular dynamic simulations on graphics processing unit. J. Comput. Chem. 30:864, 2009. DOI: 10.1002/jcc.21209
        Eastman P and Pande VS. OpenMM: A hardware-independent framework for molecular simulations. Comput. Sci. Eng. 12:34, 2010. DOI: 10.1109/MCSE.2010.27
        Eastman P and Pande VS. Efficient nonbonded interactions for molecular dynamics on a graphics processing unit. J. Comput. Chem. 31:1268, 2010. DOI: 10.1002/jcc.21413
        Eastman P and Pande VS. Constant constraint matrix approximation: A robust, parallelizable constraint method for molecular simulations. J. Chem. Theor. Comput. 6:434, 2010. DOI: 10.1021/ct900463w
        Chodera JD and Shirts MR. Replica exchange and expanded ensemble simulations as Gibbs multistate: Simple improvements for enhanced mixing. J. Chem. Phys., 135:194110, 2011. DOI:10.1063/1.3660669
        
Potential energy is NaN after 0 attempts of integration with move LangevinDynamicsMove Attempting a restart...
Potential energy is NaN after 1 attempts of integration with move LangevinDynamicsMove Attempting a restart...
Potential energy is NaN after 2 attempts of integration with move LangevinDynamicsMove Attempting a restart...
Potential energy is NaN after 3 attempts of integration with move LangevinDynamicsMove Attempting a restart...
Potential energy is NaN after 4 attempts of integration with move LangevinDynamicsMove Attempting a restart...
Potential energy is NaN after 5 attempts of integration with move LangevinDynamicsMove Attempting a restart...
Potential energy is NaN after 6 attempts of integration with move LangevinDynamicsMove Attempting a restart...
Potential energy is NaN after 7 attempts of integration with move LangevinDynamicsMove Attempting a restart...
Potential energy is NaN after 8 attempts of integration with move LangevinDynamicsMove Attempting a restart...
Potential energy is NaN after 9 attempts of integration with move LangevinDynamicsMove Attempting a restart...
Potential energy is NaN after 10 attempts of integration with move LangevinDynamicsMove Attempting a restart...
Potential energy is NaN after 11 attempts of integration with move LangevinDynamicsMove Attempting a restart...
Potential energy is NaN after 12 attempts of integration with move LangevinDynamicsMove Attempting a restart...
Potential energy is NaN after 13 attempts of integration with move LangevinDynamicsMove Attempting a restart...
Potential energy is NaN after 14 attempts of integration with move LangevinDynamicsMove Attempting a restart...
Potential energy is NaN after 15 attempts of integration with move LangevinDynamicsMove Attempting a restart...
Potential energy is NaN after 16 attempts of integration with move LangevinDynamicsMove Attempting a restart...
Potential energy is NaN after 17 attempts of integration with move LangevinDynamicsMove Attempting a restart...
Potential energy is NaN after 18 attempts of integration with move LangevinDynamicsMove Attempting a restart...
Potential energy is NaN after 19 attempts of integration with move LangevinDynamicsMove Trying to reinitialize Context as a last-resort restart attempt...
Potential energy is NaN after 20 attempts of integration with move LangevinDynamicsMove
Propagating replica 0 at state 0 resulted in a NaN!
The state of the system and integrator before the error were saved in results_3/jacs_set/ptp1b/complex_23480_20670/shared_HybridTopologyMultiStateSimulationUnit-11f005c002b4438aae1ae4c123007482_attempt_1/nan-error-logs
An online_analysis_interval that is not a multiple of the checkpoint_interval can lead to redundant information in the real time yaml file after recovering from checkpoints.
Please cite the following:

        Friedrichs MS, Eastman P, Vaidyanathan V, Houston M, LeGrand S, Beberg AL, Ensign DL, Bruns CM, and Pande VS. Accelerating molecular dynamic simulations on graphics processing unit. J. Comput. Chem. 30:864, 2009. DOI: 10.1002/jcc.21209
        Eastman P and Pande VS. OpenMM: A hardware-independent framework for molecular simulations. Comput. Sci. Eng. 12:34, 2010. DOI: 10.1109/MCSE.2010.27
        Eastman P and Pande VS. Efficient nonbonded interactions for molecular dynamics on a graphics processing unit. J. Comput. Chem. 31:1268, 2010. DOI: 10.1002/jcc.21413
        Eastman P and Pande VS. Constant constraint matrix approximation: A robust, parallelizable constraint method for molecular simulations. J. Chem. Theor. Comput. 6:434, 2010. DOI: 10.1021/ct900463w
        Chodera JD and Shirts MR. Replica exchange and expanded ensemble simulations as Gibbs multistate: Simple improvements for enhanced mixing. J. Chem. Phys., 135:194110, 2011. DOI:10.1063/1.3660669
        
Potential energy is NaN after 0 attempts of integration with move LangevinDynamicsMove Attempting a restart...
Potential energy is NaN after 1 attempts of integration with move LangevinDynamicsMove Attempting a restart...
Potential energy is NaN after 2 attempts of integration with move LangevinDynamicsMove Attempting a restart...
Potential energy is NaN after 3 attempts of integration with move LangevinDynamicsMove Attempting a restart...
Potential energy is NaN after 4 attempts of integration with move LangevinDynamicsMove Attempting a restart...
Potential energy is NaN after 5 attempts of integration with move LangevinDynamicsMove Attempting a restart...
Potential energy is NaN after 6 attempts of integration with move LangevinDynamicsMove Attempting a restart...
Potential energy is NaN after 7 attempts of integration with move LangevinDynamicsMove Attempting a restart...
Potential energy is NaN after 8 attempts of integration with move LangevinDynamicsMove Attempting a restart...
Potential energy is NaN after 9 attempts of integration with move LangevinDynamicsMove Attempting a restart...
Potential energy is NaN after 10 attempts of integration with move LangevinDynamicsMove Attempting a restart...
Potential energy is NaN after 11 attempts of integration with move LangevinDynamicsMove Attempting a restart...
Potential energy is NaN after 12 attempts of integration with move LangevinDynamicsMove Attempting a restart...
Potential energy is NaN after 13 attempts of integration with move LangevinDynamicsMove Attempting a restart...
Potential energy is NaN after 14 attempts of integration with move LangevinDynamicsMove Attempting a restart...
Potential energy is NaN after 15 attempts of integration with move LangevinDynamicsMove Attempting a restart...
Potential energy is NaN after 16 attempts of integration with move LangevinDynamicsMove Attempting a restart...
Potential energy is NaN after 17 attempts of integration with move LangevinDynamicsMove Attempting a restart...
Potential energy is NaN after 18 attempts of integration with move LangevinDynamicsMove Attempting a restart...
Potential energy is NaN after 19 attempts of integration with move LangevinDynamicsMove Trying to reinitialize Context as a last-resort restart attempt...
Potential energy is NaN after 20 attempts of integration with move LangevinDynamicsMove
Propagating replica 0 at state 0 resulted in a NaN!
The state of the system and integrator before the error were saved in results_3/jacs_set/ptp1b/complex_23480_20670/shared_HybridTopologyMultiStateSimulationUnit-11f005c002b4438aae1ae4c123007482_attempt_2/nan-error-logs
Done with all simulations! Analyzing the results....
Here is the result:
	dG = None ± None


Error: The protocol unit 'HybridTopology Simulation: 23480 to 20670 repeat 0 generation 0' failed with the error message:
SimulationNaNError: Propagating replica 0 at state 0 resulted in a NaN!
The state of the system and integrator before the error were saved in results_3/jacs_set/ptp1b/complex_23480_20670/shared_HybridTopologyMultiStateSimulationUnit-11f005c002b4438aae1ae4c123007482_attempt_2/nan-error-logs

Details provided in output.
