
Current directory: /dfs9/dmobley-lab/hbaumann/ib_failures/
Using existing working directory: results_0/janssen_bace/bace_p3_arg368_in/complex_8f_8g/
Loading transformation from: outputs/janssen_bace/bace_p3_arg368_in/complex_8f_8g.json
When simulation is complete, results will be written to: results_0/janssen_bace/bace_p3_arg368_in/complex_8f_8g.json

If this simulation is interrupted or fails, you may attempt to resume execution using:
openfe quickrun outputs/janssen_bace/bace_p3_arg368_in/complex_8f_8g.json -o results_0/janssen_bace/bace_p3_arg368_in/complex_8f_8g.json -d results_0/janssen_bace/bace_p3_arg368_in/complex_8f_8g --resume

openfe quickrun was run with --resume, but no cached results found at results_0/janssen_bace/bace_p3_arg368_in/complex_8f_8g/quickrun_cache/dag-cache-fc44e58e714fd8ca59e6338ea7a421ca.json. Starting new execution.
Planning simulations for this edge...

Starting the simulations for this edge...

An online_analysis_interval that is not a multiple of the checkpoint_interval can lead to redundant information in the real time yaml file after recovering from checkpoints.
Please cite the following:

        Friedrichs MS, Eastman P, Vaidyanathan V, Houston M, LeGrand S, Beberg AL, Ensign DL, Bruns CM, and Pande VS. Accelerating molecular dynamic simulations on graphics processing unit. J. Comput. Chem. 30:864, 2009. DOI: 10.1002/jcc.21209
        Eastman P and Pande VS. OpenMM: A hardware-independent framework for molecular simulations. Comput. Sci. Eng. 12:34, 2010. DOI: 10.1109/MCSE.2010.27
        Eastman P and Pande VS. Efficient nonbonded interactions for molecular dynamics on a graphics processing unit. J. Comput. Chem. 31:1268, 2010. DOI: 10.1002/jcc.21413
        Eastman P and Pande VS. Constant constraint matrix approximation: A robust, parallelizable constraint method for molecular simulations. J. Chem. Theor. Comput. 6:434, 2010. DOI: 10.1021/ct900463w
        Chodera JD and Shirts MR. Replica exchange and expanded ensemble simulations as Gibbs multistate: Simple improvements for enhanced mixing. J. Chem. Phys., 135:194110, 2011. DOI:10.1063/1.3660669
        
Potential energy is NaN after 0 attempts of integration with move LangevinDynamicsMove Attempting a restart...
Potential energy is NaN after 0 attempts of integration with move LangevinDynamicsMove Attempting a restart...
Potential energy is NaN after 0 attempts of integration with move LangevinDynamicsMove Attempting a restart...
Potential energy is NaN after 0 attempts of integration with move LangevinDynamicsMove Attempting a restart...
Potential energy is NaN after 0 attempts of integration with move LangevinDynamicsMove Attempting a restart...
Potential energy is NaN after 0 attempts of integration with move LangevinDynamicsMove Attempting a restart...
Potential energy is NaN after 0 attempts of integration with move LangevinDynamicsMove Attempting a restart...
Potential energy is NaN after 0 attempts of integration with move LangevinDynamicsMove Attempting a restart...
Potential energy is NaN after 0 attempts of integration with move LangevinDynamicsMove Attempting a restart...
Potential energy is NaN after 0 attempts of integration with move LangevinDynamicsMove Attempting a restart...
Potential energy is NaN after 0 attempts of integration with move LangevinDynamicsMove Attempting a restart...
Potential energy is NaN after 0 attempts of integration with move LangevinDynamicsMove Attempting a restart...
Potential energy is NaN after 0 attempts of integration with move LangevinDynamicsMove Attempting a restart...
Potential energy is NaN after 0 attempts of integration with move LangevinDynamicsMove Attempting a restart...
Potential energy is NaN after 1 attempts of integration with move LangevinDynamicsMove Attempting a restart...
Potential energy is NaN after 0 attempts of integration with move LangevinDynamicsMove Attempting a restart...
Potential energy is NaN after 0 attempts of integration with move LangevinDynamicsMove Attempting a restart...
Potential energy is NaN after 0 attempts of integration with move LangevinDynamicsMove Attempting a restart...
Potential energy is NaN after 0 attempts of integration with move LangevinDynamicsMove Attempting a restart...
Potential energy is NaN after 0 attempts of integration with move LangevinDynamicsMove Attempting a restart...
Potential energy is NaN after 0 attempts of integration with move LangevinDynamicsMove Attempting a restart...
Potential energy is NaN after 0 attempts of integration with move LangevinDynamicsMove Attempting a restart...
Potential energy is NaN after 0 attempts of integration with move LangevinDynamicsMove Attempting a restart...
Potential energy is NaN after 0 attempts of integration with move LangevinDynamicsMove Attempting a restart...
Potential energy is NaN after 0 attempts of integration with move LangevinDynamicsMove Attempting a restart...
Potential energy is NaN after 0 attempts of integration with move LangevinDynamicsMove Attempting a restart...
Potential energy is NaN after 0 attempts of integration with move LangevinDynamicsMove Attempting a restart...
Potential energy is NaN after 0 attempts of integration with move LangevinDynamicsMove Attempting a restart...
Potential energy is NaN after 0 attempts of integration with move LangevinDynamicsMove Attempting a restart...
Potential energy is NaN after 0 attempts of integration with move LangevinDynamicsMove Attempting a restart...
Potential energy is NaN after 0 attempts of integration with move LangevinDynamicsMove Attempting a restart...
Potential energy is NaN after 0 attempts of integration with move LangevinDynamicsMove Attempting a restart...
Potential energy is NaN after 0 attempts of integration with move LangevinDynamicsMove Attempting a restart...
Potential energy is NaN after 0 attempts of integration with move LangevinDynamicsMove Attempting a restart...
Potential energy is NaN after 0 attempts of integration with move LangevinDynamicsMove Attempting a restart...
Potential energy is NaN after 0 attempts of integration with move LangevinDynamicsMove Attempting a restart...
Potential energy is NaN after 0 attempts of integration with move LangevinDynamicsMove Attempting a restart...
Potential energy is NaN after 0 attempts of integration with move LangevinDynamicsMove Attempting a restart...
Potential energy is NaN after 0 attempts of integration with move LangevinDynamicsMove Attempting a restart...
Potential energy is NaN after 0 attempts of integration with move LangevinDynamicsMove Attempting a restart...
Potential energy is NaN after 0 attempts of integration with move LangevinDynamicsMove Attempting a restart...
Potential energy is NaN after 0 attempts of integration with move LangevinDynamicsMove Attempting a restart...
Potential energy is NaN after 0 attempts of integration with move LangevinDynamicsMove Attempting a restart...
Potential energy is NaN after 0 attempts of integration with move LangevinDynamicsMove Attempting a restart...
Potential energy is NaN after 0 attempts of integration with move LangevinDynamicsMove Attempting a restart...
Potential energy is NaN after 0 attempts of integration with move LangevinDynamicsMove Attempting a restart...
Potential energy is NaN after 0 attempts of integration with move LangevinDynamicsMove Attempting a restart...
Potential energy is NaN after 0 attempts of integration with move LangevinDynamicsMove Attempting a restart...
Potential energy is NaN after 0 attempts of integration with move LangevinDynamicsMove Attempting a restart...
Potential energy is NaN after 0 attempts of integration with move LangevinDynamicsMove Attempting a restart...
Potential energy is NaN after 0 attempts of integration with move LangevinDynamicsMove Attempting a restart...
Potential energy is NaN after 0 attempts of integration with move LangevinDynamicsMove Attempting a restart...
Potential energy is NaN after 0 attempts of integration with move LangevinDynamicsMove Attempting a restart...
Potential energy is NaN after 0 attempts of integration with move LangevinDynamicsMove Attempting a restart...
Potential energy is NaN after 0 attempts of integration with move LangevinDynamicsMove Attempting a restart...
Potential energy is NaN after 0 attempts of integration with move LangevinDynamicsMove Attempting a restart...
Potential energy is NaN after 0 attempts of integration with move LangevinDynamicsMove Attempting a restart...
Potential energy is NaN after 0 attempts of integration with move LangevinDynamicsMove Attempting a restart...
Potential energy is NaN after 0 attempts of integration with move LangevinDynamicsMove Attempting a restart...
Potential energy is NaN after 0 attempts of integration with move LangevinDynamicsMove Attempting a restart...
Potential energy is NaN after 0 attempts of integration with move LangevinDynamicsMove Attempting a restart...
Potential energy is NaN after 0 attempts of integration with move LangevinDynamicsMove Attempting a restart...
Potential energy is NaN after 0 attempts of integration with move LangevinDynamicsMove Attempting a restart...
Potential energy is NaN after 0 attempts of integration with move LangevinDynamicsMove Attempting a restart...
Potential energy is NaN after 0 attempts of integration with move LangevinDynamicsMove Attempting a restart...
Potential energy is NaN after 0 attempts of integration with move LangevinDynamicsMove Attempting a restart...
Potential energy is NaN after 0 attempts of integration with move LangevinDynamicsMove Attempting a restart...
Potential energy is NaN after 0 attempts of integration with move LangevinDynamicsMove Attempting a restart...
Potential energy is NaN after 0 attempts of integration with move LangevinDynamicsMove Attempting a restart...
Potential energy is NaN after 0 attempts of integration with move LangevinDynamicsMove Attempting a restart...
Potential energy is NaN after 0 attempts of integration with move LangevinDynamicsMove Attempting a restart...
Potential energy is NaN after 0 attempts of integration with move LangevinDynamicsMove Attempting a restart...
Potential energy is NaN after 0 attempts of integration with move LangevinDynamicsMove Attempting a restart...
Potential energy is NaN after 0 attempts of integration with move LangevinDynamicsMove Attempting a restart...
Potential energy is NaN after 0 attempts of integration with move LangevinDynamicsMove Attempting a restart...
Potential energy is NaN after 0 attempts of integration with move LangevinDynamicsMove Attempting a restart...
Potential energy is NaN after 0 attempts of integration with move LangevinDynamicsMove Attempting a restart...
Potential energy is NaN after 0 attempts of integration with move LangevinDynamicsMove Attempting a restart...
Potential energy is NaN after 0 attempts of integration with move LangevinDynamicsMove Attempting a restart...
Potential energy is NaN after 0 attempts of integration with move LangevinDynamicsMove Attempting a restart...
Potential energy is NaN after 0 attempts of integration with move LangevinDynamicsMove Attempting a restart...
Potential energy is NaN after 0 attempts of integration with move LangevinDynamicsMove Attempting a restart...
Potential energy is NaN after 0 attempts of integration with move LangevinDynamicsMove Attempting a restart...
Potential energy is NaN after 0 attempts of integration with move LangevinDynamicsMove Attempting a restart...
Potential energy is NaN after 1 attempts of integration with move LangevinDynamicsMove Attempting a restart...
Potential energy is NaN after 2 attempts of integration with move LangevinDynamicsMove Attempting a restart...
Potential energy is NaN after 0 attempts of integration with move LangevinDynamicsMove Attempting a restart...
Potential energy is NaN after 0 attempts of integration with move LangevinDynamicsMove Attempting a restart...
Potential energy is NaN after 0 attempts of integration with move LangevinDynamicsMove Attempting a restart...
Potential energy is NaN after 0 attempts of integration with move LangevinDynamicsMove Attempting a restart...
Potential energy is NaN after 0 attempts of integration with move LangevinDynamicsMove Attempting a restart...
Potential energy is NaN after 0 attempts of integration with move LangevinDynamicsMove Attempting a restart...
Potential energy is NaN after 0 attempts of integration with move LangevinDynamicsMove Attempting a restart...
Potential energy is NaN after 0 attempts of integration with move LangevinDynamicsMove Attempting a restart...
Potential energy is NaN after 0 attempts of integration with move LangevinDynamicsMove Attempting a restart...
Potential energy is NaN after 0 attempts of integration with move LangevinDynamicsMove Attempting a restart...
Potential energy is NaN after 0 attempts of integration with move LangevinDynamicsMove Attempting a restart...
Potential energy is NaN after 0 attempts of integration with move LangevinDynamicsMove Attempting a restart...
Potential energy is NaN after 0 attempts of integration with move LangevinDynamicsMove Attempting a restart...
Potential energy is NaN after 0 attempts of integration with move LangevinDynamicsMove Attempting a restart...
Potential energy is NaN after 0 attempts of integration with move LangevinDynamicsMove Attempting a restart...
Potential energy is NaN after 0 attempts of integration with move LangevinDynamicsMove Attempting a restart...
Potential energy is NaN after 0 attempts of integration with move LangevinDynamicsMove Attempting a restart...
Potential energy is NaN after 0 attempts of integration with move LangevinDynamicsMove Attempting a restart...
Potential energy is NaN after 0 attempts of integration with move LangevinDynamicsMove Attempting a restart...
Potential energy is NaN after 0 attempts of integration with move LangevinDynamicsMove Attempting a restart...
Potential energy is NaN after 0 attempts of integration with move LangevinDynamicsMove Attempting a restart...
Potential energy is NaN after 0 attempts of integration with move LangevinDynamicsMove Attempting a restart...
Potential energy is NaN after 0 attempts of integration with move LangevinDynamicsMove Attempting a restart...
Potential energy is NaN after 0 attempts of integration with move LangevinDynamicsMove Attempting a restart...
Potential energy is NaN after 0 attempts of integration with move LangevinDynamicsMove Attempting a restart...
Potential energy is NaN after 0 attempts of integration with move LangevinDynamicsMove Attempting a restart...
Potential energy is NaN after 0 attempts of integration with move LangevinDynamicsMove Attempting a restart...
Potential energy is NaN after 0 attempts of integration with move LangevinDynamicsMove Attempting a restart...
Potential energy is NaN after 0 attempts of integration with move LangevinDynamicsMove Attempting a restart...
Potential energy is NaN after 0 attempts of integration with move LangevinDynamicsMove Attempting a restart...
Potential energy is NaN after 0 attempts of integration with move LangevinDynamicsMove Attempting a restart...
Potential energy is NaN after 0 attempts of integration with move LangevinDynamicsMove Attempting a restart...
Potential energy is NaN after 0 attempts of integration with move LangevinDynamicsMove Attempting a restart...
Potential energy is NaN after 0 attempts of integration with move LangevinDynamicsMove Attempting a restart...
Potential energy is NaN after 0 attempts of integration with move LangevinDynamicsMove Attempting a restart...
Potential energy is NaN after 0 attempts of integration with move LangevinDynamicsMove Attempting a restart...
Potential energy is NaN after 0 attempts of integration with move LangevinDynamicsMove Attempting a restart...
Potential energy is NaN after 0 attempts of integration with move LangevinDynamicsMove Attempting a restart...
Potential energy is NaN after 0 attempts of integration with move LangevinDynamicsMove Attempting a restart...
Potential energy is NaN after 0 attempts of integration with move LangevinDynamicsMove Attempting a restart...
Potential energy is NaN after 0 attempts of integration with move LangevinDynamicsMove Attempting a restart...
Potential energy is NaN after 0 attempts of integration with move LangevinDynamicsMove Attempting a restart...
Potential energy is NaN after 0 attempts of integration with move LangevinDynamicsMove Attempting a restart...
Potential energy is NaN after 0 attempts of integration with move LangevinDynamicsMove Attempting a restart...
Potential energy is NaN after 0 attempts of integration with move LangevinDynamicsMove Attempting a restart...
Potential energy is NaN after 0 attempts of integration with move LangevinDynamicsMove Attempting a restart...
Potential energy is NaN after 0 attempts of integration with move LangevinDynamicsMove Attempting a restart...
Potential energy is NaN after 0 attempts of integration with move LangevinDynamicsMove Attempting a restart...
Potential energy is NaN after 0 attempts of integration with move LangevinDynamicsMove Attempting a restart...
Potential energy is NaN after 1 attempts of integration with move LangevinDynamicsMove Attempting a restart...
Potential energy is NaN after 2 attempts of integration with move LangevinDynamicsMove Attempting a restart...
Potential energy is NaN after 3 attempts of integration with move LangevinDynamicsMove Attempting a restart...
Potential energy is NaN after 0 attempts of integration with move LangevinDynamicsMove Attempting a restart...
Potential energy is NaN after 1 attempts of integration with move LangevinDynamicsMove Attempting a restart...
Potential energy is NaN after 0 attempts of integration with move LangevinDynamicsMove Attempting a restart...
Potential energy is NaN after 0 attempts of integration with move LangevinDynamicsMove Attempting a restart...
Potential energy is NaN after 0 attempts of integration with move LangevinDynamicsMove Attempting a restart...
Potential energy is NaN after 0 attempts of integration with move LangevinDynamicsMove Attempting a restart...
Potential energy is NaN after 0 attempts of integration with move LangevinDynamicsMove Attempting a restart...
Potential energy is NaN after 0 attempts of integration with move LangevinDynamicsMove Attempting a restart...
Potential energy is NaN after 0 attempts of integration with move LangevinDynamicsMove Attempting a restart...
Potential energy is NaN after 0 attempts of integration with move LangevinDynamicsMove Attempting a restart...
Potential energy is NaN after 0 attempts of integration with move LangevinDynamicsMove Attempting a restart...
Potential energy is NaN after 0 attempts of integration with move LangevinDynamicsMove Attempting a restart...
Done with all simulations! Analyzing the results....
Here is the result:
	dG = 6.954603640320086 kilocalorie_per_mole ± 0.0 kilocalorie_per_mole


	Duration: 7:33:56.388011

Usage: openfe quickrun [OPTIONS] TRANSFORMATION
Try 'openfe quickrun --help' for help.

Error: Invalid value for '-o': Path 'results_0/janssen_bace/bace_p3_arg368_in/complex_8f_8g.json' is a file.
